// Jest Snapshot v1, https://goo.gl/fbAQLP

exports[`<TextInput /> Should have a snapshot 1`] = `
<RkTextInput
  autoCapitalize="none"
  onChangeText={[Function]}
  placeholder="texto"
  rkType="rounded"
/>
`;
