// Jest Snapshot v1, https://goo.gl/fbAQLP

exports[`<NewRideOfferContainer /> Snapshot have a snapshot 1`] = `
<NewRideOffer
  onPress={[Function]}
/>
`;
