// Jest Snapshot v1, https://goo.gl/fbAQLP

exports[`<RideList /> Should have a snapshot 1`] = `
ShallowWrapper {
  "complexSelector": ComplexSelector {
    "buildPredicate": [Function],
    "childrenOfNode": [Function],
    "findWhereUnwrapped": [Function],
  },
  "length": 1,
  "node": <ListViewMock
    dataSource={
        ListViewDataSource {
            "items": 1,
          }
    }
    enableEmptySections={true}
    renderRow={[Function]}
    renderScrollComponent={[Function]}
    style={
        Object {
            "flex": 1,
            "paddingTop": 20,
          }
    }
/>,
  "nodes": Array [
    <ListViewMock
      dataSource={
            ListViewDataSource {
                  "items": 1,
                }
      }
      enableEmptySections={true}
      renderRow={[Function]}
      renderScrollComponent={[Function]}
      style={
            Object {
                  "flex": 1,
                  "paddingTop": 20,
                }
      }
/>,
  ],
  "options": Object {},
  "renderer": ReactShallowRenderer {
    "_instance": ShallowComponentWrapper {
      "_calledComponentWillUnmount": false,
      "_compositeType": 0,
      "_context": Object {},
      "_currentElement": <RideList
        fetchRides={[Function]}
        rides={
                Array [
                        Object {
                          "area": "Aeroporto",
                          "days": "Seg a Sex",
                          "destination": "Rodoviaria",
                          "hours": "19h",
                          "origin": "Tecnopuc",
                          "profile": Object {
                            "contact": Object {
                              "kind": "Whatsapp",
                              "value": "5198269999",
                            },
                            "name": "Eduardo",
                          },
                        },
                      ]
        }
/>,
      "_debugID": 1,
      "_hostContainerInfo": null,
      "_hostParent": null,
      "_instance": RideList {
        "_reactInternalInstance": [Circular],
        "context": Object {},
        "props": Object {
          "fetchRides": [Function],
          "rides": Array [
            Object {
              "area": "Aeroporto",
              "days": "Seg a Sex",
              "destination": "Rodoviaria",
              "hours": "19h",
              "origin": "Tecnopuc",
              "profile": Object {
                "contact": Object {
                  "kind": "Whatsapp",
                  "value": "5198269999",
                },
                "name": "Eduardo",
              },
            },
          ],
        },
        "refs": Object {},
        "state": Object {
          "dataSource": ListViewDataSource {
            "items": 1,
          },
        },
        "updater": Object {
          "enqueueCallback": [Function],
          "enqueueCallbackInternal": [Function],
          "enqueueElementInternal": [Function],
          "enqueueForceUpdate": [Function],
          "enqueueReplaceState": [Function],
          "enqueueSetState": [Function],
          "isMounted": [Function],
          "validateCallback": [Function],
        },
      },
      "_mountOrder": 1,
      "_pendingCallbacks": null,
      "_pendingElement": null,
      "_pendingForceUpdate": false,
      "_pendingReplaceState": false,
      "_pendingStateQueue": null,
      "_renderedComponent": NoopInternalComponent {
        "_currentElement": <ListViewMock
          dataSource={
                    ListViewDataSource {
                              "items": 1,
                            }
          }
          enableEmptySections={true}
          renderRow={[Function]}
          renderScrollComponent={[Function]}
          style={
                    Object {
                              "flex": 1,
                              "paddingTop": 20,
                            }
          }
/>,
        "_debugID": 2,
        "_renderedOutput": <ListViewMock
          dataSource={
                    ListViewDataSource {
                              "items": 1,
                            }
          }
          enableEmptySections={true}
          renderRow={[Function]}
          renderScrollComponent={[Function]}
          style={
                    Object {
                              "flex": 1,
                              "paddingTop": 20,
                            }
          }
/>,
      },
      "_renderedNodeType": 1,
      "_rootNodeID": 0,
      "_topLevelWrapper": null,
      "_updateBatchNumber": null,
      "_warnedAboutRefsInRender": false,
    },
    "getRenderOutput": [Function],
    "render": [Function],
  },
  "root": [Circular],
  "unrendered": <RideList
    fetchRides={[Function]}
    rides={
        Array [
            Object {
              "area": "Aeroporto",
              "days": "Seg a Sex",
              "destination": "Rodoviaria",
              "hours": "19h",
              "origin": "Tecnopuc",
              "profile": Object {
                "contact": Object {
                  "kind": "Whatsapp",
                  "value": "5198269999",
                },
                "name": "Eduardo",
              },
            },
          ]
    }
/>,
}
`;
