// Jest Snapshot v1, https://goo.gl/fbAQLP

exports[`<RideOffer /> Should have a snapshot 1`] = `null`;
